nohup: ignoring input
2025-11-21 19:48:53,342 - INFO - ============================================================
2025-11-21 19:48:53,342 - INFO - Entrenando fcn8s | Variante: combinedloss_aug
2025-11-21 19:48:53,342 - INFO - ============================================================
2025-11-21 19:48:53,665 - INFO - Parámetros: 23,710,367
2025-11-21 19:48:53,665 - INFO - Epoch [1/100]
2025-11-21 19:48:53,665 - INFO - Warm-up: LR = 0.000100
Using device: cuda
✓ Loaded 1464 train images from VOC
✓ Loaded 1449 val images from VOC
Training:   0%|          | 0/46 [00:00<?, ?it/s]Training:   0%|          | 0/46 [00:02<?, ?it/s]
Traceback (most recent call last):
  File "/home/david/Vision/Vision_Computing/Advanced_Image_Segmentation/codes/lab05_ablation_fcn.py", line 978, in <module>
    run_experiment(
  File "/home/david/Vision/Vision_Computing/Advanced_Image_Segmentation/codes/lab05_ablation_fcn.py", line 644, in run_experiment
    train_loss, train_miou = train_epoch_fcn(
                             ^^^^^^^^^^^^^^^^
  File "/home/david/Vision/Vision_Computing/Advanced_Image_Segmentation/codes/lab05_ablation_fcn.py", line 327, in train_epoch_fcn
    loss = criterion(outputs, masks)
           ^^^^^^^^^^^^^^^^^^^^^^^^^
  File "/home/david/Vision/Vision_Computing/.venv/lib/python3.12/site-packages/torch/nn/modules/module.py", line 1775, in _wrapped_call_impl
    return self._call_impl(*args, **kwargs)
           ^^^^^^^^^^^^^^^^^^^^^^^^^^^^^^^^
  File "/home/david/Vision/Vision_Computing/.venv/lib/python3.12/site-packages/torch/nn/modules/module.py", line 1786, in _call_impl
    return forward_call(*args, **kwargs)
           ^^^^^^^^^^^^^^^^^^^^^^^^^^^^^
  File "/home/david/Vision/Vision_Computing/Advanced_Image_Segmentation/codes/lab05_ablation_fcn.py", line 269, in forward
    ce = self.ce_loss(pred, target)
         ^^^^^^^^^^^^^^^^^^^^^^^^^^
  File "/home/david/Vision/Vision_Computing/.venv/lib/python3.12/site-packages/torch/nn/modules/module.py", line 1775, in _wrapped_call_impl
    return self._call_impl(*args, **kwargs)
           ^^^^^^^^^^^^^^^^^^^^^^^^^^^^^^^^
  File "/home/david/Vision/Vision_Computing/.venv/lib/python3.12/site-packages/torch/nn/modules/module.py", line 1786, in _call_impl
    return forward_call(*args, **kwargs)
           ^^^^^^^^^^^^^^^^^^^^^^^^^^^^^
  File "/home/david/Vision/Vision_Computing/.venv/lib/python3.12/site-packages/torch/nn/modules/loss.py", line 1385, in forward
    return F.cross_entropy(
           ^^^^^^^^^^^^^^^^
  File "/home/david/Vision/Vision_Computing/.venv/lib/python3.12/site-packages/torch/nn/functional.py", line 3458, in cross_entropy
    return torch._C._nn.cross_entropy_loss(
           ^^^^^^^^^^^^^^^^^^^^^^^^^^^^^^^^
RuntimeError: nll_loss2d_forward_out_cuda_template does not have a deterministic implementation, but you set 'torch.use_deterministic_algorithms(True)'. You can turn off determinism just for this operation, or you can use the 'warn_only=True' option, if that's acceptable for your application. You can also file an issue at https://github.com/pytorch/pytorch/issues to help us prioritize adding deterministic support for this operation.
2025-11-21 19:48:58,161 - INFO - ============================================================
2025-11-21 19:48:58,161 - INFO - Entrenando fcn16s | Variante: combinedloss_aug
2025-11-21 19:48:58,161 - INFO - ============================================================
2025-11-21 19:48:58,480 - INFO - Parámetros: 24,031,226
2025-11-21 19:48:58,481 - INFO - Epoch [1/100]
2025-11-21 19:48:58,481 - INFO - Warm-up: LR = 0.000100
Using device: cuda
✓ Loaded 1464 train images from VOC
✓ Loaded 1449 val images from VOC
Training:   0%|          | 0/46 [00:00<?, ?it/s]Training:   0%|          | 0/46 [00:02<?, ?it/s]
Traceback (most recent call last):
  File "/home/david/Vision/Vision_Computing/Advanced_Image_Segmentation/codes/lab05_ablation_fcn.py", line 978, in <module>
    run_experiment(
  File "/home/david/Vision/Vision_Computing/Advanced_Image_Segmentation/codes/lab05_ablation_fcn.py", line 644, in run_experiment
    train_loss, train_miou = train_epoch_fcn(
                             ^^^^^^^^^^^^^^^^
  File "/home/david/Vision/Vision_Computing/Advanced_Image_Segmentation/codes/lab05_ablation_fcn.py", line 327, in train_epoch_fcn
    loss = criterion(outputs, masks)
           ^^^^^^^^^^^^^^^^^^^^^^^^^
  File "/home/david/Vision/Vision_Computing/.venv/lib/python3.12/site-packages/torch/nn/modules/module.py", line 1775, in _wrapped_call_impl
    return self._call_impl(*args, **kwargs)
           ^^^^^^^^^^^^^^^^^^^^^^^^^^^^^^^^
  File "/home/david/Vision/Vision_Computing/.venv/lib/python3.12/site-packages/torch/nn/modules/module.py", line 1786, in _call_impl
    return forward_call(*args, **kwargs)
           ^^^^^^^^^^^^^^^^^^^^^^^^^^^^^
  File "/home/david/Vision/Vision_Computing/Advanced_Image_Segmentation/codes/lab05_ablation_fcn.py", line 269, in forward
    ce = self.ce_loss(pred, target)
         ^^^^^^^^^^^^^^^^^^^^^^^^^^
  File "/home/david/Vision/Vision_Computing/.venv/lib/python3.12/site-packages/torch/nn/modules/module.py", line 1775, in _wrapped_call_impl
    return self._call_impl(*args, **kwargs)
           ^^^^^^^^^^^^^^^^^^^^^^^^^^^^^^^^
  File "/home/david/Vision/Vision_Computing/.venv/lib/python3.12/site-packages/torch/nn/modules/module.py", line 1786, in _call_impl
    return forward_call(*args, **kwargs)
           ^^^^^^^^^^^^^^^^^^^^^^^^^^^^^
  File "/home/david/Vision/Vision_Computing/.venv/lib/python3.12/site-packages/torch/nn/modules/loss.py", line 1385, in forward
    return F.cross_entropy(
           ^^^^^^^^^^^^^^^^
  File "/home/david/Vision/Vision_Computing/.venv/lib/python3.12/site-packages/torch/nn/functional.py", line 3458, in cross_entropy
    return torch._C._nn.cross_entropy_loss(
           ^^^^^^^^^^^^^^^^^^^^^^^^^^^^^^^^
RuntimeError: nll_loss2d_forward_out_cuda_template does not have a deterministic implementation, but you set 'torch.use_deterministic_algorithms(True)'. You can turn off determinism just for this operation, or you can use the 'warn_only=True' option, if that's acceptable for your application. You can also file an issue at https://github.com/pytorch/pytorch/issues to help us prioritize adding deterministic support for this operation.
2025-11-21 19:49:02,979 - INFO - ============================================================
2025-11-21 19:49:02,979 - INFO - Entrenando fcn32s | Variante: combinedloss_aug
2025-11-21 19:49:02,980 - INFO - ============================================================
2025-11-21 19:49:03,314 - INFO - Parámetros: 25,357,397
2025-11-21 19:49:03,314 - INFO - Epoch [1/100]
2025-11-21 19:49:03,314 - INFO - Warm-up: LR = 0.000100
Using device: cuda
✓ Loaded 1464 train images from VOC
✓ Loaded 1449 val images from VOC
Training:   0%|          | 0/46 [00:00<?, ?it/s]Training:   0%|          | 0/46 [00:02<?, ?it/s]
Traceback (most recent call last):
  File "/home/david/Vision/Vision_Computing/Advanced_Image_Segmentation/codes/lab05_ablation_fcn.py", line 978, in <module>
    run_experiment(
  File "/home/david/Vision/Vision_Computing/Advanced_Image_Segmentation/codes/lab05_ablation_fcn.py", line 644, in run_experiment
    train_loss, train_miou = train_epoch_fcn(
                             ^^^^^^^^^^^^^^^^
  File "/home/david/Vision/Vision_Computing/Advanced_Image_Segmentation/codes/lab05_ablation_fcn.py", line 327, in train_epoch_fcn
    loss = criterion(outputs, masks)
           ^^^^^^^^^^^^^^^^^^^^^^^^^
  File "/home/david/Vision/Vision_Computing/.venv/lib/python3.12/site-packages/torch/nn/modules/module.py", line 1775, in _wrapped_call_impl
    return self._call_impl(*args, **kwargs)
           ^^^^^^^^^^^^^^^^^^^^^^^^^^^^^^^^
  File "/home/david/Vision/Vision_Computing/.venv/lib/python3.12/site-packages/torch/nn/modules/module.py", line 1786, in _call_impl
    return forward_call(*args, **kwargs)
           ^^^^^^^^^^^^^^^^^^^^^^^^^^^^^
  File "/home/david/Vision/Vision_Computing/Advanced_Image_Segmentation/codes/lab05_ablation_fcn.py", line 269, in forward
    ce = self.ce_loss(pred, target)
         ^^^^^^^^^^^^^^^^^^^^^^^^^^
  File "/home/david/Vision/Vision_Computing/.venv/lib/python3.12/site-packages/torch/nn/modules/module.py", line 1775, in _wrapped_call_impl
    return self._call_impl(*args, **kwargs)
           ^^^^^^^^^^^^^^^^^^^^^^^^^^^^^^^^
  File "/home/david/Vision/Vision_Computing/.venv/lib/python3.12/site-packages/torch/nn/modules/module.py", line 1786, in _call_impl
    return forward_call(*args, **kwargs)
           ^^^^^^^^^^^^^^^^^^^^^^^^^^^^^
  File "/home/david/Vision/Vision_Computing/.venv/lib/python3.12/site-packages/torch/nn/modules/loss.py", line 1385, in forward
    return F.cross_entropy(
           ^^^^^^^^^^^^^^^^
  File "/home/david/Vision/Vision_Computing/.venv/lib/python3.12/site-packages/torch/nn/functional.py", line 3458, in cross_entropy
    return torch._C._nn.cross_entropy_loss(
           ^^^^^^^^^^^^^^^^^^^^^^^^^^^^^^^^
RuntimeError: nll_loss2d_forward_out_cuda_template does not have a deterministic implementation, but you set 'torch.use_deterministic_algorithms(True)'. You can turn off determinism just for this operation, or you can use the 'warn_only=True' option, if that's acceptable for your application. You can also file an issue at https://github.com/pytorch/pytorch/issues to help us prioritize adding deterministic support for this operation.
